src/components/finalize-meeting-modal.tsx(217,48): error TS2339: Property 'id' does not exist on type 'Omit<Participant, "deviceToken"> & { isClaimed: boolean; }'.
src/components/meeting-finalized-view.tsx(75,28): error TS2339: Property 'id' does not exist on type 'PublicMeeting'.
src/components/meeting-finalized-view.tsx(152,45): error TS2339: Property 'id' does not exist on type 'Omit<Participant, "deviceToken"> & { isClaimed: boolean; }'.
src/components/meeting-finalized-view.tsx(174,45): error TS2339: Property 'id' does not exist on type 'Omit<Participant, "deviceToken"> & { isClaimed: boolean; }'.
